// Jest Snapshot v1, https://goo.gl/fbAQLP

exports[`RadioButtons renders 1`] = `
<Fragment>
  <Label
    value=""
  />
  <Col
    tag="div"
    widths={
      Array [
        "xs",
        "sm",
        "md",
        "lg",
        "xl",
      ]
    }
  >
    <Row
      className=""
      key="Red"
      tag="div"
      widths={
        Array [
          "xs",
          "sm",
          "md",
          "lg",
          "xl",
        ]
      }
    >
      <div
        key="Red"
      >
        <input
          checked={false}
          onBlur={[Function]}
          onClick={[Function]}
          type="radio"
          value="Red"
        />
      </div>
      <Label
        className="ml-1"
        onClick={[Function]}
        value="Red"
      />
    </Row>
  </Col>
</Fragment>
`;
