// Jest Snapshot v1, https://goo.gl/fbAQLP

exports[`Dropdown Component renders 1`] = `
<ButtonDropdown
  direction="down"
  isOpen={false}
  toggle={[Function]}
>
  <DropdownToggle
    aria-haspopup={true}
    caret={true}
    color="info"
    size="sm"
  >
    Select a name
  </DropdownToggle>
  <DropdownMenu
    flip={true}
    tag="div"
  >
    <DropdownItem
      disabled={true}
      divider={false}
      header={false}
      key="You haven't selected a name yet!_0"
      onClick={[Function]}
      tag="button"
      toggle={true}
    >
      You haven't selected a name yet!
    </DropdownItem>
    <DropdownItem
      disabled={false}
      divider={false}
      header={true}
      key="Karen_1"
      onClick={[Function]}
      tag="button"
      toggle={true}
    >
      Karen
    </DropdownItem>
    <DropdownItem
      disabled={false}
      divider={true}
      header={false}
      key="DropdownItem_2"
      onClick={[Function]}
      tag="button"
      toggle={true}
    />
    <DropdownItem
      disabled={false}
      divider={false}
      header={true}
      key="Gillian_3"
      onClick={[Function]}
      tag="button"
      toggle={true}
    >
      Gillian
    </DropdownItem>
    <DropdownItem
      disabled={false}
      divider={true}
      header={false}
      key="DropdownItem_4"
      onClick={[Function]}
      tag="button"
      toggle={true}
    />
    <DropdownItem
      disabled={false}
      divider={false}
      header={true}
      key="Bucky_5"
      onClick={[Function]}
      tag="button"
      toggle={true}
    >
      Bucky
    </DropdownItem>
    <DropdownItem
      disabled={false}
      divider={true}
      header={false}
      key="DropdownItem_6"
      onClick={[Function]}
      tag="button"
      toggle={true}
    />
    <DropdownItem
      disabled={false}
      divider={false}
      header={true}
      key="Bikrum_7"
      onClick={[Function]}
      tag="button"
      toggle={true}
    >
      Bikrum
    </DropdownItem>
    <DropdownItem
      disabled={false}
      divider={true}
      header={false}
      key="DropdownItem_8"
      onClick={[Function]}
      tag="button"
      toggle={true}
    />
  </DropdownMenu>
</ButtonDropdown>
`;
